============================= test session starts =============================
platform win32 -- Python 3.13.7, pytest-9.0.2, pluggy-1.6.0 -- C:\Users\ADMIN\Documents\162-finalproj\doc_recon\.venv\Scripts\python.exe
cachedir: .pytest_cache
rootdir: C:\Users\ADMIN\Documents\162-finalproj\doc_recon
configfile: pyproject.toml
collecting ... collected 75 items

tests/test_end2end.py::TestEndToEnd::test_full_pipeline PASSED           [  1%]
tests/test_end2end.py::TestEndToEnd::test_json_output_format PASSED      [  2%]
tests/test_end2end.py::TestEndToEnd::test_confidence_threshold PASSED    [  4%]
tests/test_end2end.py::TestEndToEnd::test_text_block_confidence_mvp PASSED [  5%]
tests/test_end2end.py::TestEndToEnd::test_markdown_generation PASSED     [  6%]
tests/test_end2end.py::TestEndToEnd::test_metrics_calculation PASSED     [  8%]
tests/test_end2end.py::TestEndToEnd::test_export_formats PASSED          [  9%]
tests/test_end2end.py::TestMultiPageDocument::test_multi_page_processing PASSED [ 10%]
tests/test_end2end.py::TestEdgeCases::test_empty_image PASSED            [ 12%]
tests/test_end2end.py::TestEdgeCases::test_noisy_image PASSED            [ 13%]
tests/test_end2end.py::TestIOOperations::test_save_and_load_json PASSED  [ 14%]
tests/test_end2end.py::TestIOOperations::test_detect_input_type PASSED   [ 16%]
tests/test_layout.py::TestBoundingBox::test_bbox_creation PASSED         [ 17%]
tests/test_layout.py::TestBoundingBox::test_bbox_properties PASSED       [ 18%]
tests/test_layout.py::TestBoundingBox::test_bbox_from_xywh PASSED        [ 20%]
tests/test_layout.py::TestBoundingBox::test_bbox_to_tuple PASSED         [ 21%]
tests/test_layout.py::TestBoundingBox::test_bbox_intersects PASSED       [ 22%]
tests/test_layout.py::TestBoundingBox::test_bbox_intersection_area PASSED [ 24%]
tests/test_layout.py::TestBoundingBox::test_bbox_iou PASSED              [ 25%]
tests/test_layout.py::TestBlock::test_block_creation PASSED              [ 26%]
tests/test_layout.py::TestBlock::test_block_crop PASSED                  [ 28%]
tests/test_layout.py::TestBlock::test_block_to_dict PASSED               [ 29%]
tests/test_layout.py::TestLayoutDetector::test_layout_detector_init PASSED [ 30%]
tests/test_layout.py::TestLayoutDetector::test_classical_layout_detection PASSED [ 32%]
tests/test_layout.py::TestLayoutDetector::test_reading_order_assignment PASSED [ 33%]
tests/test_layout.py::TestLayoutDetector::test_debug_image_generation PASSED [ 34%]
tests/test_layout.py::TestLayoutDetector::test_layout_result_to_dict PASSED [ 36%]
tests/test_layout.py::TestBlockTypes::test_all_block_types_exist PASSED  [ 37%]
tests/test_layout.py::TestBlockTypes::test_block_type_values PASSED      [ 38%]
tests/test_layout.py::TestColumnDetection::test_column_detection PASSED  [ 40%]
tests/test_ocr_math.py::TestEquationResult::test_equation_result_creation PASSED [ 41%]
tests/test_ocr_math.py::TestEquationResult::test_equation_result_validity PASSED [ 42%]
tests/test_ocr_math.py::TestEquationResult::test_equation_result_confidence_levels PASSED [ 44%]
tests/test_ocr_math.py::TestEquationResult::test_equation_result_to_dict PASSED [ 45%]
tests/test_ocr_math.py::TestMathOCR::test_math_ocr_init_simple FAILED    [ 46%]
tests/test_ocr_math.py::TestMathOCR::test_simple_math_recognizer PASSED  [ 48%]
tests/test_ocr_math.py::TestMathOCR::test_recognize_small_image FAILED   [ 49%]
tests/test_ocr_math.py::TestLatexValidation::test_validate_balanced_braces PASSED [ 50%]
tests/test_ocr_math.py::TestLatexValidation::test_validate_empty PASSED  [ 52%]
tests/test_ocr_math.py::TestLatexValidation::test_validate_incomplete_command PASSED [ 53%]
tests/test_ocr_math.py::TestLatexCleaning::test_clean_whitespace PASSED  [ 54%]
tests/test_ocr_math.py::TestLatexCleaning::test_clean_empty PASSED       [ 56%]
tests/test_ocr_math.py::TestEquationDetection::test_is_likely_equation_size_check PASSED [ 57%]
tests/test_ocr_math.py::TestEquationDetection::test_is_likely_equation_whitespace PASSED [ 58%]
tests/test_ocr_math.py::TestEquationDetection::test_is_likely_equation_aspect_ratio PASSED [ 60%]
tests/test_ocr_math.py::TestPix2TexRecognizer::test_pix2tex_available PASSED [ 61%]
tests/test_ocr_math.py::TestMathpixRecognizer::test_mathpix_requires_credentials FAILED [ 62%]
tests/test_ocr_text.py::TestOCRResult::test_ocr_result_creation PASSED   [ 64%]
tests/test_ocr_text.py::TestOCRResult::test_ocr_result_low_confidence PASSED [ 65%]
tests/test_ocr_text.py::TestOCRResult::test_ocr_result_to_dict PASSED    [ 66%]
tests/test_ocr_text.py::TestTextOCR::test_text_ocr_init_tesseract PASSED [ 68%]
tests/test_ocr_text.py::TestTextOCR::test_tesseract_recognize PASSED     [ 69%]
tests/test_ocr_text.py::TestTextOCR::test_hyphenation_fix PASSED         [ 70%]
tests/test_ocr_text.py::TestTextOCR::test_line_merge PASSED              [ 72%]
tests/test_ocr_text.py::TestWordResult::test_word_result_creation PASSED [ 73%]
tests/test_ocr_text.py::TestLineResult::test_line_result_creation PASSED [ 74%]
tests/test_ocr_text.py::TestUtilityFunctions::test_estimate_font_size PASSED [ 76%]
tests/test_ocr_text.py::TestOCREngineSelection::test_fallback_to_tesseract PASSED [ 77%]
tests/test_ocr_text.py::TestOCREngineSelection::test_secondary_engine_usage PASSED [ 78%]
tests/test_preprocessing.py::TestPreprocessing::test_to_grayscale_already_gray PASSED [ 80%]
tests/test_preprocessing.py::TestPreprocessing::test_to_grayscale_from_color PASSED [ 81%]
tests/test_preprocessing.py::TestPreprocessing::test_deskew_straight_image PASSED [ 82%]
tests/test_preprocessing.py::TestPreprocessing::test_deskew_skewed_image FAILED [ 84%]
tests/test_preprocessing.py::TestPreprocessing::test_denoise PASSED      [ 85%]
tests/test_preprocessing.py::TestPreprocessing::test_binarize_otsu PASSED [ 86%]
tests/test_preprocessing.py::TestPreprocessing::test_binarize_adaptive PASSED [ 88%]
tests/test_preprocessing.py::TestPreprocessing::test_enhance_contrast PASSED [ 89%]
tests/test_preprocessing.py::TestPreprocessing::test_enhance_contrast_color PASSED [ 90%]
tests/test_preprocessing.py::TestPreprocessing::test_preprocess_pipeline PASSED [ 92%]
tests/test_preprocessing.py::TestPreprocessing::test_preprocess_pipeline_with_binarize PASSED [ 93%]
tests/test_preprocessing.py::TestPreprocessing::test_get_image_stats PASSED [ 94%]
tests/test_preprocessing.py::TestPreprocessing::test_draw_debug_image PASSED [ 96%]
tests/test_preprocessing.py::TestPreprocessing::test_create_comparison_image PASSED [ 97%]
tests/test_preprocessing.py::TestPreprocessingEdgeCases::test_empty_image PASSED [ 98%]
tests/test_preprocessing.py::TestPreprocessingEdgeCases::test_single_channel_4d PASSED [100%]

================================== FAILURES ===================================
____________________ TestMathOCR.test_math_ocr_init_simple ____________________
tests\test_ocr_math.py:103: in test_math_ocr_init_simple
    ocr = MathOCR(engine="simple")
          ^^^^^^^^^^^^^^^^^^^^^^^^
src\utils\ocr_math.py:96: in __init__
    self._initialize_engine()
src\utils\ocr_math.py:144: in _initialize_engine
    raise ValueError(f"Unknown math OCR engine: {self.engine}")
E   ValueError: Unknown math OCR engine: simple
___________________ TestMathOCR.test_recognize_small_image ____________________
tests\test_ocr_math.py:127: in test_recognize_small_image
    ocr = MathOCR(engine="simple")
          ^^^^^^^^^^^^^^^^^^^^^^^^
src\utils\ocr_math.py:96: in __init__
    self._initialize_engine()
src\utils\ocr_math.py:144: in _initialize_engine
    raise ValueError(f"Unknown math OCR engine: {self.engine}")
E   ValueError: Unknown math OCR engine: simple
___________ TestMathpixRecognizer.test_mathpix_requires_credentials ___________
tests\test_ocr_math.py:249: in test_mathpix_requires_credentials
    with pytest.raises(Exception):
         ^^^^^^^^^^^^^^^^^^^^^^^^
E   Failed: DID NOT RAISE <class 'Exception'>
_________________ TestPreprocessing.test_deskew_skewed_image __________________
tests\test_preprocessing.py:92: in test_deskew_skewed_image
    assert abs(angle - 5.0) < 3.0  # Allow some tolerance
    ^^^^^^^^^^^^^^^^^^^^^^^^^^^^^
E   assert np.float64(9.95712606968069) < 3.0
E    +  where np.float64(9.95712606968069) = abs((np.float64(-4.95712606968069) - 5.0))
============================== warnings summary ===============================
tests/test_end2end.py::TestEndToEnd::test_full_pipeline
tests/test_end2end.py::TestEndToEnd::test_json_output_format
tests/test_end2end.py::TestEndToEnd::test_confidence_threshold
tests/test_end2end.py::TestEndToEnd::test_text_block_confidence_mvp
tests/test_end2end.py::TestEndToEnd::test_markdown_generation
tests/test_end2end.py::TestEndToEnd::test_metrics_calculation
tests/test_end2end.py::TestEndToEnd::test_export_formats
tests/test_end2end.py::TestMultiPageDocument::test_multi_page_processing
tests/test_end2end.py::TestEdgeCases::test_noisy_image
  C:\Users\ADMIN\Documents\162-finalproj\doc_recon\.venv\Lib\site-packages\easyocr\detection.py:81: DeprecationWarning: torch.ao.quantization is deprecated and will be removed in 2.10. 
  For migrations of users: 
  1. Eager mode quantization (torch.ao.quantization.quantize, torch.ao.quantization.quantize_dynamic), please migrate to use torchao eager mode quantize_ API instead 
  2. FX graph mode quantization (torch.ao.quantization.quantize_fx.prepare_fx,torch.ao.quantization.quantize_fx.convert_fx, please migrate to use torchao pt2e quantization API instead (prepare_pt2e, convert_pt2e) 
  3. pt2e quantization has been migrated to torchao (https://github.com/pytorch/ao/tree/main/torchao/quantization/pt2e) 
  see https://github.com/pytorch/ao/issues/2259 for more details
    torch.quantization.quantize_dynamic(net, dtype=torch.qint8, inplace=True)

tests/test_end2end.py: 18 warnings
  C:\Users\ADMIN\Documents\162-finalproj\doc_recon\.venv\Lib\site-packages\torch\ao\quantization\quantize.py:566: DeprecationWarning: torch.ao.quantization is deprecated and will be removed in 2.10. 
  For migrations of users: 
  1. Eager mode quantization (torch.ao.quantization.quantize, torch.ao.quantization.quantize_dynamic), please migrate to use torchao eager mode quantize_ API instead 
  2. FX graph mode quantization (torch.ao.quantization.quantize_fx.prepare_fx,torch.ao.quantization.quantize_fx.convert_fx, please migrate to use torchao pt2e quantization API instead (prepare_pt2e, convert_pt2e) 
  3. pt2e quantization has been migrated to torchao (https://github.com/pytorch/ao/tree/main/torchao/quantization/pt2e) 
  see https://github.com/pytorch/ao/issues/2259 for more details
    convert(model, mapping, inplace=True)

tests/test_end2end.py::TestEndToEnd::test_full_pipeline
tests/test_end2end.py::TestEndToEnd::test_json_output_format
tests/test_end2end.py::TestEndToEnd::test_confidence_threshold
tests/test_end2end.py::TestEndToEnd::test_text_block_confidence_mvp
tests/test_end2end.py::TestEndToEnd::test_markdown_generation
tests/test_end2end.py::TestEndToEnd::test_metrics_calculation
tests/test_end2end.py::TestEndToEnd::test_export_formats
tests/test_end2end.py::TestMultiPageDocument::test_multi_page_processing
tests/test_end2end.py::TestEdgeCases::test_noisy_image
  C:\Users\ADMIN\Documents\162-finalproj\doc_recon\.venv\Lib\site-packages\easyocr\recognition.py:177: DeprecationWarning: torch.ao.quantization is deprecated and will be removed in 2.10. 
  For migrations of users: 
  1. Eager mode quantization (torch.ao.quantization.quantize, torch.ao.quantization.quantize_dynamic), please migrate to use torchao eager mode quantize_ API instead 
  2. FX graph mode quantization (torch.ao.quantization.quantize_fx.prepare_fx,torch.ao.quantization.quantize_fx.convert_fx, please migrate to use torchao pt2e quantization API instead (prepare_pt2e, convert_pt2e) 
  3. pt2e quantization has been migrated to torchao (https://github.com/pytorch/ao/tree/main/torchao/quantization/pt2e) 
  see https://github.com/pytorch/ao/issues/2259 for more details
    torch.quantization.quantize_dynamic(model, dtype=torch.qint8, inplace=True)

tests/test_end2end.py::TestEndToEnd::test_full_pipeline
tests/test_end2end.py::TestEndToEnd::test_json_output_format
tests/test_end2end.py::TestEndToEnd::test_confidence_threshold
tests/test_end2end.py::TestEndToEnd::test_text_block_confidence_mvp
tests/test_end2end.py::TestEndToEnd::test_markdown_generation
tests/test_end2end.py::TestEndToEnd::test_metrics_calculation
tests/test_end2end.py::TestEndToEnd::test_export_formats
  C:\Users\ADMIN\Documents\162-finalproj\doc_recon\.venv\Lib\site-packages\torch\serialization.py:1663: DeprecationWarning: Python 3.14 will, by default, filter extracted tar archives and reject files or modify their metadata. Use the filter argument to control this behavior.
    tar.extract("storages", path=tmpdir)

tests/test_end2end.py::TestEndToEnd::test_full_pipeline
tests/test_end2end.py::TestEndToEnd::test_json_output_format
tests/test_end2end.py::TestEndToEnd::test_confidence_threshold
tests/test_end2end.py::TestEndToEnd::test_text_block_confidence_mvp
tests/test_end2end.py::TestEndToEnd::test_markdown_generation
tests/test_end2end.py::TestEndToEnd::test_metrics_calculation
tests/test_end2end.py::TestEndToEnd::test_export_formats
  C:\Users\ADMIN\Documents\162-finalproj\doc_recon\.venv\Lib\site-packages\torch\serialization.py:1695: DeprecationWarning: Python 3.14 will, by default, filter extracted tar archives and reject files or modify their metadata. Use the filter argument to control this behavior.
    tar.extract("tensors", path=tmpdir)

tests/test_end2end.py::TestEndToEnd::test_full_pipeline
tests/test_end2end.py::TestEndToEnd::test_json_output_format
tests/test_end2end.py::TestEndToEnd::test_confidence_threshold
tests/test_end2end.py::TestEndToEnd::test_text_block_confidence_mvp
tests/test_end2end.py::TestEndToEnd::test_markdown_generation
tests/test_end2end.py::TestEndToEnd::test_metrics_calculation
tests/test_end2end.py::TestEndToEnd::test_export_formats
  C:\Users\ADMIN\Documents\162-finalproj\doc_recon\.venv\Lib\site-packages\torch\nn\modules\module.py:2446: UserWarning: for conv1.weight: copying from a non-meta parameter in the checkpoint to a meta parameter in the current model, which is a no-op. (Did you mean to pass `assign=True` to assign items in the state dictionary to their corresponding key in the module instead of copying them in place?)
    warnings.warn(

tests/test_end2end.py::TestEndToEnd::test_full_pipeline
tests/test_end2end.py::TestEndToEnd::test_json_output_format
tests/test_end2end.py::TestEndToEnd::test_confidence_threshold
tests/test_end2end.py::TestEndToEnd::test_text_block_confidence_mvp
tests/test_end2end.py::TestEndToEnd::test_markdown_generation
tests/test_end2end.py::TestEndToEnd::test_metrics_calculation
tests/test_end2end.py::TestEndToEnd::test_export_formats
  C:\Users\ADMIN\Documents\162-finalproj\doc_recon\.venv\Lib\site-packages\torch\nn\modules\module.py:2446: UserWarning: for bn1.weight: copying from a non-meta parameter in the checkpoint to a meta parameter in the current model, which is a no-op. (Did you mean to pass `assign=True` to assign items in the state dictionary to their corresponding key in the module instead of copying them in place?)
    warnings.warn(

tests/test_end2end.py::TestEndToEnd::test_full_pipeline
tests/test_end2end.py::TestEndToEnd::test_json_output_format
tests/test_end2end.py::TestEndToEnd::test_confidence_threshold
tests/test_end2end.py::TestEndToEnd::test_text_block_confidence_mvp
tests/test_end2end.py::TestEndToEnd::test_markdown_generation
tests/test_end2end.py::TestEndToEnd::test_metrics_calculation
tests/test_end2end.py::TestEndToEnd::test_export_formats
  C:\Users\ADMIN\Documents\162-finalproj\doc_recon\.venv\Lib\site-packages\torch\nn\modules\module.py:2446: UserWarning: for bn1.bias: copying from a non-meta parameter in the checkpoint to a meta parameter in the current model, which is a no-op. (Did you mean to pass `assign=True` to assign items in the state dictionary to their corresponding key in the module instead of copying them in place?)
    warnings.warn(

tests/test_end2end.py::TestEndToEnd::test_full_pipeline
tests/test_end2end.py::TestEndToEnd::test_json_output_format
tests/test_end2end.py::TestEndToEnd::test_confidence_threshold
tests/test_end2end.py::TestEndToEnd::test_text_block_confidence_mvp
tests/test_end2end.py::TestEndToEnd::test_markdown_generation
tests/test_end2end.py::TestEndToEnd::test_metrics_calculation
tests/test_end2end.py::TestEndToEnd::test_export_formats
  C:\Users\ADMIN\Documents\162-finalproj\doc_recon\.venv\Lib\site-packages\torch\nn\modules\module.py:2446: UserWarning: for layer1.0.conv1.weight: copying from a non-meta parameter in the checkpoint to a meta parameter in the current model, which is a no-op. (Did you mean to pass `assign=True` to assign items in the state dictionary to their corresponding key in the module instead of copying them in place?)
    warnings.warn(

tests/test_end2end.py::TestEndToEnd::test_full_pipeline
tests/test_end2end.py::TestEndToEnd::test_json_output_format
tests/test_end2end.py::TestEndToEnd::test_confidence_threshold
tests/test_end2end.py::TestEndToEnd::test_text_block_confidence_mvp
tests/test_end2end.py::TestEndToEnd::test_markdown_generation
tests/test_end2end.py::TestEndToEnd::test_metrics_calculation
tests/test_end2end.py::TestEndToEnd::test_export_formats
  C:\Users\ADMIN\Documents\162-finalproj\doc_recon\.venv\Lib\site-packages\torch\nn\modules\module.py:2446: UserWarning: for layer1.0.bn1.weight: copying from a non-meta parameter in the checkpoint to a meta parameter in the current model, which is a no-op. (Did you mean to pass `assign=True` to assign items in the state dictionary to their corresponding key in the module instead of copying them in place?)
    warnings.warn(

tests/test_end2end.py::TestEndToEnd::test_full_pipeline
tests/test_end2end.py::TestEndToEnd::test_json_output_format
tests/test_end2end.py::TestEndToEnd::test_confidence_threshold
tests/test_end2end.py::TestEndToEnd::test_text_block_confidence_mvp
tests/test_end2end.py::TestEndToEnd::test_markdown_generation
tests/test_end2end.py::TestEndToEnd::test_metrics_calculation
tests/test_end2end.py::TestEndToEnd::test_export_formats
  C:\Users\ADMIN\Documents\162-finalproj\doc_recon\.venv\Lib\site-packages\torch\nn\modules\module.py:2446: UserWarning: for layer1.0.bn1.bias: copying from a non-meta parameter in the checkpoint to a meta parameter in the current model, which is a no-op. (Did you mean to pass `assign=True` to assign items in the state dictionary to their corresponding key in the module instead of copying them in place?)
    warnings.warn(

tests/test_end2end.py::TestEndToEnd::test_full_pipeline
tests/test_end2end.py::TestEndToEnd::test_json_output_format
tests/test_end2end.py::TestEndToEnd::test_confidence_threshold
tests/test_end2end.py::TestEndToEnd::test_text_block_confidence_mvp
tests/test_end2end.py::TestEndToEnd::test_markdown_generation
tests/test_end2end.py::TestEndToEnd::test_metrics_calculation
tests/test_end2end.py::TestEndToEnd::test_export_formats
  C:\Users\ADMIN\Documents\162-finalproj\doc_recon\.venv\Lib\site-packages\torch\nn\modules\module.py:2446: UserWarning: for layer1.0.conv2.weight: copying from a non-meta parameter in the checkpoint to a meta parameter in the current model, which is a no-op. (Did you mean to pass `assign=True` to assign items in the state dictionary to their corresponding key in the module instead of copying them in place?)
    warnings.warn(

tests/test_end2end.py::TestEndToEnd::test_full_pipeline
tests/test_end2end.py::TestEndToEnd::test_json_output_format
tests/test_end2end.py::TestEndToEnd::test_confidence_threshold
tests/test_end2end.py::TestEndToEnd::test_text_block_confidence_mvp
tests/test_end2end.py::TestEndToEnd::test_markdown_generation
tests/test_end2end.py::TestEndToEnd::test_metrics_calculation
tests/test_end2end.py::TestEndToEnd::test_export_formats
  C:\Users\ADMIN\Documents\162-finalproj\doc_recon\.venv\Lib\site-packages\torch\nn\modules\module.py:2446: UserWarning: for layer1.0.bn2.weight: copying from a non-meta parameter in the checkpoint to a meta parameter in the current model, which is a no-op. (Did you mean to pass `assign=True` to assign items in the state dictionary to their corresponding key in the module instead of copying them in place?)
    warnings.warn(

tests/test_end2end.py::TestEndToEnd::test_full_pipeline
tests/test_end2end.py::TestEndToEnd::test_json_output_format
tests/test_end2end.py::TestEndToEnd::test_confidence_threshold
tests/test_end2end.py::TestEndToEnd::test_text_block_confidence_mvp
tests/test_end2end.py::TestEndToEnd::test_markdown_generation
tests/test_end2end.py::TestEndToEnd::test_metrics_calculation
tests/test_end2end.py::TestEndToEnd::test_export_formats
  C:\Users\ADMIN\Documents\162-finalproj\doc_recon\.venv\Lib\site-packages\torch\nn\modules\module.py:2446: UserWarning: for layer1.0.bn2.bias: copying from a non-meta parameter in the checkpoint to a meta parameter in the current model, which is a no-op. (Did you mean to pass `assign=True` to assign items in the state dictionary to their corresponding key in the module instead of copying them in place?)
    warnings.warn(

tests/test_end2end.py::TestEndToEnd::test_full_pipeline
tests/test_end2end.py::TestEndToEnd::test_json_output_format
tests/test_end2end.py::TestEndToEnd::test_confidence_threshold
tests/test_end2end.py::TestEndToEnd::test_text_block_confidence_mvp
tests/test_end2end.py::TestEndToEnd::test_markdown_generation
tests/test_end2end.py::TestEndToEnd::test_metrics_calculation
tests/test_end2end.py::TestEndToEnd::test_export_formats
  C:\Users\ADMIN\Documents\162-finalproj\doc_recon\.venv\Lib\site-packages\torch\nn\modules\module.py:2446: UserWarning: for layer1.1.conv1.weight: copying from a non-meta parameter in the checkpoint to a meta parameter in the current model, which is a no-op. (Did you mean to pass `assign=True` to assign items in the state dictionary to their corresponding key in the module instead of copying them in place?)
    warnings.warn(

tests/test_end2end.py::TestEndToEnd::test_full_pipeline
tests/test_end2end.py::TestEndToEnd::test_json_output_format
tests/test_end2end.py::TestEndToEnd::test_confidence_threshold
tests/test_end2end.py::TestEndToEnd::test_text_block_confidence_mvp
tests/test_end2end.py::TestEndToEnd::test_markdown_generation
tests/test_end2end.py::TestEndToEnd::test_metrics_calculation
tests/test_end2end.py::TestEndToEnd::test_export_formats
  C:\Users\ADMIN\Documents\162-finalproj\doc_recon\.venv\Lib\site-packages\torch\nn\modules\module.py:2446: UserWarning: for layer1.1.bn1.weight: copying from a non-meta parameter in the checkpoint to a meta parameter in the current model, which is a no-op. (Did you mean to pass `assign=True` to assign items in the state dictionary to their corresponding key in the module instead of copying them in place?)
    warnings.warn(

tests/test_end2end.py::TestEndToEnd::test_full_pipeline
tests/test_end2end.py::TestEndToEnd::test_json_output_format
tests/test_end2end.py::TestEndToEnd::test_confidence_threshold
tests/test_end2end.py::TestEndToEnd::test_text_block_confidence_mvp
tests/test_end2end.py::TestEndToEnd::test_markdown_generation
tests/test_end2end.py::TestEndToEnd::test_metrics_calculation
tests/test_end2end.py::TestEndToEnd::test_export_formats
  C:\Users\ADMIN\Documents\162-finalproj\doc_recon\.venv\Lib\site-packages\torch\nn\modules\module.py:2446: UserWarning: for layer1.1.bn1.bias: copying from a non-meta parameter in the checkpoint to a meta parameter in the current model, which is a no-op. (Did you mean to pass `assign=True` to assign items in the state dictionary to their corresponding key in the module instead of copying them in place?)
    warnings.warn(

tests/test_end2end.py::TestEndToEnd::test_full_pipeline
tests/test_end2end.py::TestEndToEnd::test_json_output_format
tests/test_end2end.py::TestEndToEnd::test_confidence_threshold
tests/test_end2end.py::TestEndToEnd::test_text_block_confidence_mvp
tests/test_end2end.py::TestEndToEnd::test_markdown_generation
tests/test_end2end.py::TestEndToEnd::test_metrics_calculation
tests/test_end2end.py::TestEndToEnd::test_export_formats
  C:\Users\ADMIN\Documents\162-finalproj\doc_recon\.venv\Lib\site-packages\torch\nn\modules\module.py:2446: UserWarning: for layer1.1.conv2.weight: copying from a non-meta parameter in the checkpoint to a meta parameter in the current model, which is a no-op. (Did you mean to pass `assign=True` to assign items in the state dictionary to their corresponding key in the module instead of copying them in place?)
    warnings.warn(

tests/test_end2end.py::TestEndToEnd::test_full_pipeline
tests/test_end2end.py::TestEndToEnd::test_json_output_format
tests/test_end2end.py::TestEndToEnd::test_confidence_threshold
tests/test_end2end.py::TestEndToEnd::test_text_block_confidence_mvp
tests/test_end2end.py::TestEndToEnd::test_markdown_generation
tests/test_end2end.py::TestEndToEnd::test_metrics_calculation
tests/test_end2end.py::TestEndToEnd::test_export_formats
  C:\Users\ADMIN\Documents\162-finalproj\doc_recon\.venv\Lib\site-packages\torch\nn\modules\module.py:2446: UserWarning: for layer1.1.bn2.weight: copying from a non-meta parameter in the checkpoint to a meta parameter in the current model, which is a no-op. (Did you mean to pass `assign=True` to assign items in the state dictionary to their corresponding key in the module instead of copying them in place?)
    warnings.warn(

tests/test_end2end.py::TestEndToEnd::test_full_pipeline
tests/test_end2end.py::TestEndToEnd::test_json_output_format
tests/test_end2end.py::TestEndToEnd::test_confidence_threshold
tests/test_end2end.py::TestEndToEnd::test_text_block_confidence_mvp
tests/test_end2end.py::TestEndToEnd::test_markdown_generation
tests/test_end2end.py::TestEndToEnd::test_metrics_calculation
tests/test_end2end.py::TestEndToEnd::test_export_formats
  C:\Users\ADMIN\Documents\162-finalproj\doc_recon\.venv\Lib\site-packages\torch\nn\modules\module.py:2446: UserWarning: for layer1.1.bn2.bias: copying from a non-meta parameter in the checkpoint to a meta parameter in the current model, which is a no-op. (Did you mean to pass `assign=True` to assign items in the state dictionary to their corresponding key in the module instead of copying them in place?)
    warnings.warn(

tests/test_end2end.py::TestEndToEnd::test_full_pipeline
tests/test_end2end.py::TestEndToEnd::test_json_output_format
tests/test_end2end.py::TestEndToEnd::test_confidence_threshold
tests/test_end2end.py::TestEndToEnd::test_text_block_confidence_mvp
tests/test_end2end.py::TestEndToEnd::test_markdown_generation
tests/test_end2end.py::TestEndToEnd::test_metrics_calculation
tests/test_end2end.py::TestEndToEnd::test_export_formats
  C:\Users\ADMIN\Documents\162-finalproj\doc_recon\.venv\Lib\site-packages\torch\nn\modules\module.py:2446: UserWarning: for layer2.0.conv1.weight: copying from a non-meta parameter in the checkpoint to a meta parameter in the current model, which is a no-op. (Did you mean to pass `assign=True` to assign items in the state dictionary to their corresponding key in the module instead of copying them in place?)
    warnings.warn(

tests/test_end2end.py::TestEndToEnd::test_full_pipeline
tests/test_end2end.py::TestEndToEnd::test_json_output_format
tests/test_end2end.py::TestEndToEnd::test_confidence_threshold
tests/test_end2end.py::TestEndToEnd::test_text_block_confidence_mvp
tests/test_end2end.py::TestEndToEnd::test_markdown_generation
tests/test_end2end.py::TestEndToEnd::test_metrics_calculation
tests/test_end2end.py::TestEndToEnd::test_export_formats
  C:\Users\ADMIN\Documents\162-finalproj\doc_recon\.venv\Lib\site-packages\torch\nn\modules\module.py:2446: UserWarning: for layer2.0.bn1.weight: copying from a non-meta parameter in the checkpoint to a meta parameter in the current model, which is a no-op. (Did you mean to pass `assign=True` to assign items in the state dictionary to their corresponding key in the module instead of copying them in place?)
    warnings.warn(

tests/test_end2end.py::TestEndToEnd::test_full_pipeline
tests/test_end2end.py::TestEndToEnd::test_json_output_format
tests/test_end2end.py::TestEndToEnd::test_confidence_threshold
tests/test_end2end.py::TestEndToEnd::test_text_block_confidence_mvp
tests/test_end2end.py::TestEndToEnd::test_markdown_generation
tests/test_end2end.py::TestEndToEnd::test_metrics_calculation
tests/test_end2end.py::TestEndToEnd::test_export_formats
  C:\Users\ADMIN\Documents\162-finalproj\doc_recon\.venv\Lib\site-packages\torch\nn\modules\module.py:2446: UserWarning: for layer2.0.bn1.bias: copying from a non-meta parameter in the checkpoint to a meta parameter in the current model, which is a no-op. (Did you mean to pass `assign=True` to assign items in the state dictionary to their corresponding key in the module instead of copying them in place?)
    warnings.warn(

tests/test_end2end.py::TestEndToEnd::test_full_pipeline
tests/test_end2end.py::TestEndToEnd::test_json_output_format
tests/test_end2end.py::TestEndToEnd::test_confidence_threshold
tests/test_end2end.py::TestEndToEnd::test_text_block_confidence_mvp
tests/test_end2end.py::TestEndToEnd::test_markdown_generation
tests/test_end2end.py::TestEndToEnd::test_metrics_calculation
tests/test_end2end.py::TestEndToEnd::test_export_formats
  C:\Users\ADMIN\Documents\162-finalproj\doc_recon\.venv\Lib\site-packages\torch\nn\modules\module.py:2446: UserWarning: for layer2.0.conv2.weight: copying from a non-meta parameter in the checkpoint to a meta parameter in the current model, which is a no-op. (Did you mean to pass `assign=True` to assign items in the state dictionary to their corresponding key in the module instead of copying them in place?)
    warnings.warn(

tests/test_end2end.py::TestEndToEnd::test_full_pipeline
tests/test_end2end.py::TestEndToEnd::test_json_output_format
tests/test_end2end.py::TestEndToEnd::test_confidence_threshold
tests/test_end2end.py::TestEndToEnd::test_text_block_confidence_mvp
tests/test_end2end.py::TestEndToEnd::test_markdown_generation
tests/test_end2end.py::TestEndToEnd::test_metrics_calculation
tests/test_end2end.py::TestEndToEnd::test_export_formats
  C:\Users\ADMIN\Documents\162-finalproj\doc_recon\.venv\Lib\site-packages\torch\nn\modules\module.py:2446: UserWarning: for layer2.0.bn2.weight: copying from a non-meta parameter in the checkpoint to a meta parameter in the current model, which is a no-op. (Did you mean to pass `assign=True` to assign items in the state dictionary to their corresponding key in the module instead of copying them in place?)
    warnings.warn(

tests/test_end2end.py::TestEndToEnd::test_full_pipeline
tests/test_end2end.py::TestEndToEnd::test_json_output_format
tests/test_end2end.py::TestEndToEnd::test_confidence_threshold
tests/test_end2end.py::TestEndToEnd::test_text_block_confidence_mvp
tests/test_end2end.py::TestEndToEnd::test_markdown_generation
tests/test_end2end.py::TestEndToEnd::test_metrics_calculation
tests/test_end2end.py::TestEndToEnd::test_export_formats
  C:\Users\ADMIN\Documents\162-finalproj\doc_recon\.venv\Lib\site-packages\torch\nn\modules\module.py:2446: UserWarning: for layer2.0.bn2.bias: copying from a non-meta parameter in the checkpoint to a meta parameter in the current model, which is a no-op. (Did you mean to pass `assign=True` to assign items in the state dictionary to their corresponding key in the module instead of copying them in place?)
    warnings.warn(

tests/test_end2end.py::TestEndToEnd::test_full_pipeline
tests/test_end2end.py::TestEndToEnd::test_json_output_format
tests/test_end2end.py::TestEndToEnd::test_confidence_threshold
tests/test_end2end.py::TestEndToEnd::test_text_block_confidence_mvp
tests/test_end2end.py::TestEndToEnd::test_markdown_generation
tests/test_end2end.py::TestEndToEnd::test_metrics_calculation
tests/test_end2end.py::TestEndToEnd::test_export_formats
  C:\Users\ADMIN\Documents\162-finalproj\doc_recon\.venv\Lib\site-packages\torch\nn\modules\module.py:2446: UserWarning: for layer2.0.downsample.0.weight: copying from a non-meta parameter in the checkpoint to a meta parameter in the current model, which is a no-op. (Did you mean to pass `assign=True` to assign items in the state dictionary to their corresponding key in the module instead of copying them in place?)
    warnings.warn(

tests/test_end2end.py::TestEndToEnd::test_full_pipeline
tests/test_end2end.py::TestEndToEnd::test_json_output_format
tests/test_end2end.py::TestEndToEnd::test_confidence_threshold
tests/test_end2end.py::TestEndToEnd::test_text_block_confidence_mvp
tests/test_end2end.py::TestEndToEnd::test_markdown_generation
tests/test_end2end.py::TestEndToEnd::test_metrics_calculation
tests/test_end2end.py::TestEndToEnd::test_export_formats
  C:\Users\ADMIN\Documents\162-finalproj\doc_recon\.venv\Lib\site-packages\torch\nn\modules\module.py:2446: UserWarning: for layer2.0.downsample.1.weight: copying from a non-meta parameter in the checkpoint to a meta parameter in the current model, which is a no-op. (Did you mean to pass `assign=True` to assign items in the state dictionary to their corresponding key in the module instead of copying them in place?)
    warnings.warn(

tests/test_end2end.py::TestEndToEnd::test_full_pipeline
tests/test_end2end.py::TestEndToEnd::test_json_output_format
tests/test_end2end.py::TestEndToEnd::test_confidence_threshold
tests/test_end2end.py::TestEndToEnd::test_text_block_confidence_mvp
tests/test_end2end.py::TestEndToEnd::test_markdown_generation
tests/test_end2end.py::TestEndToEnd::test_metrics_calculation
tests/test_end2end.py::TestEndToEnd::test_export_formats
  C:\Users\ADMIN\Documents\162-finalproj\doc_recon\.venv\Lib\site-packages\torch\nn\modules\module.py:2446: UserWarning: for layer2.0.downsample.1.bias: copying from a non-meta parameter in the checkpoint to a meta parameter in the current model, which is a no-op. (Did you mean to pass `assign=True` to assign items in the state dictionary to their corresponding key in the module instead of copying them in place?)
    warnings.warn(

tests/test_end2end.py::TestEndToEnd::test_full_pipeline
tests/test_end2end.py::TestEndToEnd::test_json_output_format
tests/test_end2end.py::TestEndToEnd::test_confidence_threshold
tests/test_end2end.py::TestEndToEnd::test_text_block_confidence_mvp
tests/test_end2end.py::TestEndToEnd::test_markdown_generation
tests/test_end2end.py::TestEndToEnd::test_metrics_calculation
tests/test_end2end.py::TestEndToEnd::test_export_formats
  C:\Users\ADMIN\Documents\162-finalproj\doc_recon\.venv\Lib\site-packages\torch\nn\modules\module.py:2446: UserWarning: for layer2.1.conv1.weight: copying from a non-meta parameter in the checkpoint to a meta parameter in the current model, which is a no-op. (Did you mean to pass `assign=True` to assign items in the state dictionary to their corresponding key in the module instead of copying them in place?)
    warnings.warn(

tests/test_end2end.py::TestEndToEnd::test_full_pipeline
tests/test_end2end.py::TestEndToEnd::test_json_output_format
tests/test_end2end.py::TestEndToEnd::test_confidence_threshold
tests/test_end2end.py::TestEndToEnd::test_text_block_confidence_mvp
tests/test_end2end.py::TestEndToEnd::test_markdown_generation
tests/test_end2end.py::TestEndToEnd::test_metrics_calculation
tests/test_end2end.py::TestEndToEnd::test_export_formats
  C:\Users\ADMIN\Documents\162-finalproj\doc_recon\.venv\Lib\site-packages\torch\nn\modules\module.py:2446: UserWarning: for layer2.1.bn1.weight: copying from a non-meta parameter in the checkpoint to a meta parameter in the current model, which is a no-op. (Did you mean to pass `assign=True` to assign items in the state dictionary to their corresponding key in the module instead of copying them in place?)
    warnings.warn(

tests/test_end2end.py::TestEndToEnd::test_full_pipeline
tests/test_end2end.py::TestEndToEnd::test_json_output_format
tests/test_end2end.py::TestEndToEnd::test_confidence_threshold
tests/test_end2end.py::TestEndToEnd::test_text_block_confidence_mvp
tests/test_end2end.py::TestEndToEnd::test_markdown_generation
tests/test_end2end.py::TestEndToEnd::test_metrics_calculation
tests/test_end2end.py::TestEndToEnd::test_export_formats
  C:\Users\ADMIN\Documents\162-finalproj\doc_recon\.venv\Lib\site-packages\torch\nn\modules\module.py:2446: UserWarning: for layer2.1.bn1.bias: copying from a non-meta parameter in the checkpoint to a meta parameter in the current model, which is a no-op. (Did you mean to pass `assign=True` to assign items in the state dictionary to their corresponding key in the module instead of copying them in place?)
    warnings.warn(

tests/test_end2end.py::TestEndToEnd::test_full_pipeline
tests/test_end2end.py::TestEndToEnd::test_json_output_format
tests/test_end2end.py::TestEndToEnd::test_confidence_threshold
tests/test_end2end.py::TestEndToEnd::test_text_block_confidence_mvp
tests/test_end2end.py::TestEndToEnd::test_markdown_generation
tests/test_end2end.py::TestEndToEnd::test_metrics_calculation
tests/test_end2end.py::TestEndToEnd::test_export_formats
  C:\Users\ADMIN\Documents\162-finalproj\doc_recon\.venv\Lib\site-packages\torch\nn\modules\module.py:2446: UserWarning: for layer2.1.conv2.weight: copying from a non-meta parameter in the checkpoint to a meta parameter in the current model, which is a no-op. (Did you mean to pass `assign=True` to assign items in the state dictionary to their corresponding key in the module instead of copying them in place?)
    warnings.warn(

tests/test_end2end.py::TestEndToEnd::test_full_pipeline
tests/test_end2end.py::TestEndToEnd::test_json_output_format
tests/test_end2end.py::TestEndToEnd::test_confidence_threshold
tests/test_end2end.py::TestEndToEnd::test_text_block_confidence_mvp
tests/test_end2end.py::TestEndToEnd::test_markdown_generation
tests/test_end2end.py::TestEndToEnd::test_metrics_calculation
tests/test_end2end.py::TestEndToEnd::test_export_formats
  C:\Users\ADMIN\Documents\162-finalproj\doc_recon\.venv\Lib\site-packages\torch\nn\modules\module.py:2446: UserWarning: for layer2.1.bn2.weight: copying from a non-meta parameter in the checkpoint to a meta parameter in the current model, which is a no-op. (Did you mean to pass `assign=True` to assign items in the state dictionary to their corresponding key in the module instead of copying them in place?)
    warnings.warn(

tests/test_end2end.py::TestEndToEnd::test_full_pipeline
tests/test_end2end.py::TestEndToEnd::test_json_output_format
tests/test_end2end.py::TestEndToEnd::test_confidence_threshold
tests/test_end2end.py::TestEndToEnd::test_text_block_confidence_mvp
tests/test_end2end.py::TestEndToEnd::test_markdown_generation
tests/test_end2end.py::TestEndToEnd::test_metrics_calculation
tests/test_end2end.py::TestEndToEnd::test_export_formats
  C:\Users\ADMIN\Documents\162-finalproj\doc_recon\.venv\Lib\site-packages\torch\nn\modules\module.py:2446: UserWarning: for layer2.1.bn2.bias: copying from a non-meta parameter in the checkpoint to a meta parameter in the current model, which is a no-op. (Did you mean to pass `assign=True` to assign items in the state dictionary to their corresponding key in the module instead of copying them in place?)
    warnings.warn(

tests/test_end2end.py::TestEndToEnd::test_full_pipeline
tests/test_end2end.py::TestEndToEnd::test_json_output_format
tests/test_end2end.py::TestEndToEnd::test_confidence_threshold
tests/test_end2end.py::TestEndToEnd::test_text_block_confidence_mvp
tests/test_end2end.py::TestEndToEnd::test_markdown_generation
tests/test_end2end.py::TestEndToEnd::test_metrics_calculation
tests/test_end2end.py::TestEndToEnd::test_export_formats
  C:\Users\ADMIN\Documents\162-finalproj\doc_recon\.venv\Lib\site-packages\torch\nn\modules\module.py:2446: UserWarning: for layer3.0.conv1.weight: copying from a non-meta parameter in the checkpoint to a meta parameter in the current model, which is a no-op. (Did you mean to pass `assign=True` to assign items in the state dictionary to their corresponding key in the module instead of copying them in place?)
    warnings.warn(

tests/test_end2end.py::TestEndToEnd::test_full_pipeline
tests/test_end2end.py::TestEndToEnd::test_json_output_format
tests/test_end2end.py::TestEndToEnd::test_confidence_threshold
tests/test_end2end.py::TestEndToEnd::test_text_block_confidence_mvp
tests/test_end2end.py::TestEndToEnd::test_markdown_generation
tests/test_end2end.py::TestEndToEnd::test_metrics_calculation
tests/test_end2end.py::TestEndToEnd::test_export_formats
  C:\Users\ADMIN\Documents\162-finalproj\doc_recon\.venv\Lib\site-packages\torch\nn\modules\module.py:2446: UserWarning: for layer3.0.bn1.weight: copying from a non-meta parameter in the checkpoint to a meta parameter in the current model, which is a no-op. (Did you mean to pass `assign=True` to assign items in the state dictionary to their corresponding key in the module instead of copying them in place?)
    warnings.warn(

tests/test_end2end.py::TestEndToEnd::test_full_pipeline
tests/test_end2end.py::TestEndToEnd::test_json_output_format
tests/test_end2end.py::TestEndToEnd::test_confidence_threshold
tests/test_end2end.py::TestEndToEnd::test_text_block_confidence_mvp
tests/test_end2end.py::TestEndToEnd::test_markdown_generation
tests/test_end2end.py::TestEndToEnd::test_metrics_calculation
tests/test_end2end.py::TestEndToEnd::test_export_formats
  C:\Users\ADMIN\Documents\162-finalproj\doc_recon\.venv\Lib\site-packages\torch\nn\modules\module.py:2446: UserWarning: for layer3.0.bn1.bias: copying from a non-meta parameter in the checkpoint to a meta parameter in the current model, which is a no-op. (Did you mean to pass `assign=True` to assign items in the state dictionary to their corresponding key in the module instead of copying them in place?)
    warnings.warn(

tests/test_end2end.py::TestEndToEnd::test_full_pipeline
tests/test_end2end.py::TestEndToEnd::test_json_output_format
tests/test_end2end.py::TestEndToEnd::test_confidence_threshold
tests/test_end2end.py::TestEndToEnd::test_text_block_confidence_mvp
tests/test_end2end.py::TestEndToEnd::test_markdown_generation
tests/test_end2end.py::TestEndToEnd::test_metrics_calculation
tests/test_end2end.py::TestEndToEnd::test_export_formats
  C:\Users\ADMIN\Documents\162-finalproj\doc_recon\.venv\Lib\site-packages\torch\nn\modules\module.py:2446: UserWarning: for layer3.0.conv2.weight: copying from a non-meta parameter in the checkpoint to a meta parameter in the current model, which is a no-op. (Did you mean to pass `assign=True` to assign items in the state dictionary to their corresponding key in the module instead of copying them in place?)
    warnings.warn(

tests/test_end2end.py::TestEndToEnd::test_full_pipeline
tests/test_end2end.py::TestEndToEnd::test_json_output_format
tests/test_end2end.py::TestEndToEnd::test_confidence_threshold
tests/test_end2end.py::TestEndToEnd::test_text_block_confidence_mvp
tests/test_end2end.py::TestEndToEnd::test_markdown_generation
tests/test_end2end.py::TestEndToEnd::test_metrics_calculation
tests/test_end2end.py::TestEndToEnd::test_export_formats
  C:\Users\ADMIN\Documents\162-finalproj\doc_recon\.venv\Lib\site-packages\torch\nn\modules\module.py:2446: UserWarning: for layer3.0.bn2.weight: copying from a non-meta parameter in the checkpoint to a meta parameter in the current model, which is a no-op. (Did you mean to pass `assign=True` to assign items in the state dictionary to their corresponding key in the module instead of copying them in place?)
    warnings.warn(

tests/test_end2end.py::TestEndToEnd::test_full_pipeline
tests/test_end2end.py::TestEndToEnd::test_json_output_format
tests/test_end2end.py::TestEndToEnd::test_confidence_threshold
tests/test_end2end.py::TestEndToEnd::test_text_block_confidence_mvp
tests/test_end2end.py::TestEndToEnd::test_markdown_generation
tests/test_end2end.py::TestEndToEnd::test_metrics_calculation
tests/test_end2end.py::TestEndToEnd::test_export_formats
  C:\Users\ADMIN\Documents\162-finalproj\doc_recon\.venv\Lib\site-packages\torch\nn\modules\module.py:2446: UserWarning: for layer3.0.bn2.bias: copying from a non-meta parameter in the checkpoint to a meta parameter in the current model, which is a no-op. (Did you mean to pass `assign=True` to assign items in the state dictionary to their corresponding key in the module instead of copying them in place?)
    warnings.warn(

tests/test_end2end.py::TestEndToEnd::test_full_pipeline
tests/test_end2end.py::TestEndToEnd::test_json_output_format
tests/test_end2end.py::TestEndToEnd::test_confidence_threshold
tests/test_end2end.py::TestEndToEnd::test_text_block_confidence_mvp
tests/test_end2end.py::TestEndToEnd::test_markdown_generation
tests/test_end2end.py::TestEndToEnd::test_metrics_calculation
tests/test_end2end.py::TestEndToEnd::test_export_formats
  C:\Users\ADMIN\Documents\162-finalproj\doc_recon\.venv\Lib\site-packages\torch\nn\modules\module.py:2446: UserWarning: for layer3.0.downsample.0.weight: copying from a non-meta parameter in the checkpoint to a meta parameter in the current model, which is a no-op. (Did you mean to pass `assign=True` to assign items in the state dictionary to their corresponding key in the module instead of copying them in place?)
    warnings.warn(

tests/test_end2end.py::TestEndToEnd::test_full_pipeline
tests/test_end2end.py::TestEndToEnd::test_json_output_format
tests/test_end2end.py::TestEndToEnd::test_confidence_threshold
tests/test_end2end.py::TestEndToEnd::test_text_block_confidence_mvp
tests/test_end2end.py::TestEndToEnd::test_markdown_generation
tests/test_end2end.py::TestEndToEnd::test_metrics_calculation
tests/test_end2end.py::TestEndToEnd::test_export_formats
  C:\Users\ADMIN\Documents\162-finalproj\doc_recon\.venv\Lib\site-packages\torch\nn\modules\module.py:2446: UserWarning: for layer3.0.downsample.1.weight: copying from a non-meta parameter in the checkpoint to a meta parameter in the current model, which is a no-op. (Did you mean to pass `assign=True` to assign items in the state dictionary to their corresponding key in the module instead of copying them in place?)
    warnings.warn(

tests/test_end2end.py::TestEndToEnd::test_full_pipeline
tests/test_end2end.py::TestEndToEnd::test_json_output_format
tests/test_end2end.py::TestEndToEnd::test_confidence_threshold
tests/test_end2end.py::TestEndToEnd::test_text_block_confidence_mvp
tests/test_end2end.py::TestEndToEnd::test_markdown_generation
tests/test_end2end.py::TestEndToEnd::test_metrics_calculation
tests/test_end2end.py::TestEndToEnd::test_export_formats
  C:\Users\ADMIN\Documents\162-finalproj\doc_recon\.venv\Lib\site-packages\torch\nn\modules\module.py:2446: UserWarning: for layer3.0.downsample.1.bias: copying from a non-meta parameter in the checkpoint to a meta parameter in the current model, which is a no-op. (Did you mean to pass `assign=True` to assign items in the state dictionary to their corresponding key in the module instead of copying them in place?)
    warnings.warn(

tests/test_end2end.py::TestEndToEnd::test_full_pipeline
tests/test_end2end.py::TestEndToEnd::test_json_output_format
tests/test_end2end.py::TestEndToEnd::test_confidence_threshold
tests/test_end2end.py::TestEndToEnd::test_text_block_confidence_mvp
tests/test_end2end.py::TestEndToEnd::test_markdown_generation
tests/test_end2end.py::TestEndToEnd::test_metrics_calculation
tests/test_end2end.py::TestEndToEnd::test_export_formats
  C:\Users\ADMIN\Documents\162-finalproj\doc_recon\.venv\Lib\site-packages\torch\nn\modules\module.py:2446: UserWarning: for layer3.1.conv1.weight: copying from a non-meta parameter in the checkpoint to a meta parameter in the current model, which is a no-op. (Did you mean to pass `assign=True` to assign items in the state dictionary to their corresponding key in the module instead of copying them in place?)
    warnings.warn(

tests/test_end2end.py::TestEndToEnd::test_full_pipeline
tests/test_end2end.py::TestEndToEnd::test_json_output_format
tests/test_end2end.py::TestEndToEnd::test_confidence_threshold
tests/test_end2end.py::TestEndToEnd::test_text_block_confidence_mvp
tests/test_end2end.py::TestEndToEnd::test_markdown_generation
tests/test_end2end.py::TestEndToEnd::test_metrics_calculation
tests/test_end2end.py::TestEndToEnd::test_export_formats
  C:\Users\ADMIN\Documents\162-finalproj\doc_recon\.venv\Lib\site-packages\torch\nn\modules\module.py:2446: UserWarning: for layer3.1.bn1.weight: copying from a non-meta parameter in the checkpoint to a meta parameter in the current model, which is a no-op. (Did you mean to pass `assign=True` to assign items in the state dictionary to their corresponding key in the module instead of copying them in place?)
    warnings.warn(

tests/test_end2end.py::TestEndToEnd::test_full_pipeline
tests/test_end2end.py::TestEndToEnd::test_json_output_format
tests/test_end2end.py::TestEndToEnd::test_confidence_threshold
tests/test_end2end.py::TestEndToEnd::test_text_block_confidence_mvp
tests/test_end2end.py::TestEndToEnd::test_markdown_generation
tests/test_end2end.py::TestEndToEnd::test_metrics_calculation
tests/test_end2end.py::TestEndToEnd::test_export_formats
  C:\Users\ADMIN\Documents\162-finalproj\doc_recon\.venv\Lib\site-packages\torch\nn\modules\module.py:2446: UserWarning: for layer3.1.bn1.bias: copying from a non-meta parameter in the checkpoint to a meta parameter in the current model, which is a no-op. (Did you mean to pass `assign=True` to assign items in the state dictionary to their corresponding key in the module instead of copying them in place?)
    warnings.warn(

tests/test_end2end.py::TestEndToEnd::test_full_pipeline
tests/test_end2end.py::TestEndToEnd::test_json_output_format
tests/test_end2end.py::TestEndToEnd::test_confidence_threshold
tests/test_end2end.py::TestEndToEnd::test_text_block_confidence_mvp
tests/test_end2end.py::TestEndToEnd::test_markdown_generation
tests/test_end2end.py::TestEndToEnd::test_metrics_calculation
tests/test_end2end.py::TestEndToEnd::test_export_formats
  C:\Users\ADMIN\Documents\162-finalproj\doc_recon\.venv\Lib\site-packages\torch\nn\modules\module.py:2446: UserWarning: for layer3.1.conv2.weight: copying from a non-meta parameter in the checkpoint to a meta parameter in the current model, which is a no-op. (Did you mean to pass `assign=True` to assign items in the state dictionary to their corresponding key in the module instead of copying them in place?)
    warnings.warn(

tests/test_end2end.py::TestEndToEnd::test_full_pipeline
tests/test_end2end.py::TestEndToEnd::test_json_output_format
tests/test_end2end.py::TestEndToEnd::test_confidence_threshold
tests/test_end2end.py::TestEndToEnd::test_text_block_confidence_mvp
tests/test_end2end.py::TestEndToEnd::test_markdown_generation
tests/test_end2end.py::TestEndToEnd::test_metrics_calculation
tests/test_end2end.py::TestEndToEnd::test_export_formats
  C:\Users\ADMIN\Documents\162-finalproj\doc_recon\.venv\Lib\site-packages\torch\nn\modules\module.py:2446: UserWarning: for layer3.1.bn2.weight: copying from a non-meta parameter in the checkpoint to a meta parameter in the current model, which is a no-op. (Did you mean to pass `assign=True` to assign items in the state dictionary to their corresponding key in the module instead of copying them in place?)
    warnings.warn(

tests/test_end2end.py::TestEndToEnd::test_full_pipeline
tests/test_end2end.py::TestEndToEnd::test_json_output_format
tests/test_end2end.py::TestEndToEnd::test_confidence_threshold
tests/test_end2end.py::TestEndToEnd::test_text_block_confidence_mvp
tests/test_end2end.py::TestEndToEnd::test_markdown_generation
tests/test_end2end.py::TestEndToEnd::test_metrics_calculation
tests/test_end2end.py::TestEndToEnd::test_export_formats
  C:\Users\ADMIN\Documents\162-finalproj\doc_recon\.venv\Lib\site-packages\torch\nn\modules\module.py:2446: UserWarning: for layer3.1.bn2.bias: copying from a non-meta parameter in the checkpoint to a meta parameter in the current model, which is a no-op. (Did you mean to pass `assign=True` to assign items in the state dictionary to their corresponding key in the module instead of copying them in place?)
    warnings.warn(

tests/test_end2end.py::TestEndToEnd::test_full_pipeline
tests/test_end2end.py::TestEndToEnd::test_json_output_format
tests/test_end2end.py::TestEndToEnd::test_confidence_threshold
tests/test_end2end.py::TestEndToEnd::test_text_block_confidence_mvp
tests/test_end2end.py::TestEndToEnd::test_markdown_generation
tests/test_end2end.py::TestEndToEnd::test_metrics_calculation
tests/test_end2end.py::TestEndToEnd::test_export_formats
  C:\Users\ADMIN\Documents\162-finalproj\doc_recon\.venv\Lib\site-packages\torch\nn\modules\module.py:2446: UserWarning: for layer4.0.conv1.weight: copying from a non-meta parameter in the checkpoint to a meta parameter in the current model, which is a no-op. (Did you mean to pass `assign=True` to assign items in the state dictionary to their corresponding key in the module instead of copying them in place?)
    warnings.warn(

tests/test_end2end.py::TestEndToEnd::test_full_pipeline
tests/test_end2end.py::TestEndToEnd::test_json_output_format
tests/test_end2end.py::TestEndToEnd::test_confidence_threshold
tests/test_end2end.py::TestEndToEnd::test_text_block_confidence_mvp
tests/test_end2end.py::TestEndToEnd::test_markdown_generation
tests/test_end2end.py::TestEndToEnd::test_metrics_calculation
tests/test_end2end.py::TestEndToEnd::test_export_formats
  C:\Users\ADMIN\Documents\162-finalproj\doc_recon\.venv\Lib\site-packages\torch\nn\modules\module.py:2446: UserWarning: for layer4.0.bn1.weight: copying from a non-meta parameter in the checkpoint to a meta parameter in the current model, which is a no-op. (Did you mean to pass `assign=True` to assign items in the state dictionary to their corresponding key in the module instead of copying them in place?)
    warnings.warn(

tests/test_end2end.py::TestEndToEnd::test_full_pipeline
tests/test_end2end.py::TestEndToEnd::test_json_output_format
tests/test_end2end.py::TestEndToEnd::test_confidence_threshold
tests/test_end2end.py::TestEndToEnd::test_text_block_confidence_mvp
tests/test_end2end.py::TestEndToEnd::test_markdown_generation
tests/test_end2end.py::TestEndToEnd::test_metrics_calculation
tests/test_end2end.py::TestEndToEnd::test_export_formats
  C:\Users\ADMIN\Documents\162-finalproj\doc_recon\.venv\Lib\site-packages\torch\nn\modules\module.py:2446: UserWarning: for layer4.0.bn1.bias: copying from a non-meta parameter in the checkpoint to a meta parameter in the current model, which is a no-op. (Did you mean to pass `assign=True` to assign items in the state dictionary to their corresponding key in the module instead of copying them in place?)
    warnings.warn(

tests/test_end2end.py::TestEndToEnd::test_full_pipeline
tests/test_end2end.py::TestEndToEnd::test_json_output_format
tests/test_end2end.py::TestEndToEnd::test_confidence_threshold
tests/test_end2end.py::TestEndToEnd::test_text_block_confidence_mvp
tests/test_end2end.py::TestEndToEnd::test_markdown_generation
tests/test_end2end.py::TestEndToEnd::test_metrics_calculation
tests/test_end2end.py::TestEndToEnd::test_export_formats
  C:\Users\ADMIN\Documents\162-finalproj\doc_recon\.venv\Lib\site-packages\torch\nn\modules\module.py:2446: UserWarning: for layer4.0.conv2.weight: copying from a non-meta parameter in the checkpoint to a meta parameter in the current model, which is a no-op. (Did you mean to pass `assign=True` to assign items in the state dictionary to their corresponding key in the module instead of copying them in place?)
    warnings.warn(

tests/test_end2end.py::TestEndToEnd::test_full_pipeline
tests/test_end2end.py::TestEndToEnd::test_json_output_format
tests/test_end2end.py::TestEndToEnd::test_confidence_threshold
tests/test_end2end.py::TestEndToEnd::test_text_block_confidence_mvp
tests/test_end2end.py::TestEndToEnd::test_markdown_generation
tests/test_end2end.py::TestEndToEnd::test_metrics_calculation
tests/test_end2end.py::TestEndToEnd::test_export_formats
  C:\Users\ADMIN\Documents\162-finalproj\doc_recon\.venv\Lib\site-packages\torch\nn\modules\module.py:2446: UserWarning: for layer4.0.bn2.weight: copying from a non-meta parameter in the checkpoint to a meta parameter in the current model, which is a no-op. (Did you mean to pass `assign=True` to assign items in the state dictionary to their corresponding key in the module instead of copying them in place?)
    warnings.warn(

tests/test_end2end.py::TestEndToEnd::test_full_pipeline
tests/test_end2end.py::TestEndToEnd::test_json_output_format
tests/test_end2end.py::TestEndToEnd::test_confidence_threshold
tests/test_end2end.py::TestEndToEnd::test_text_block_confidence_mvp
tests/test_end2end.py::TestEndToEnd::test_markdown_generation
tests/test_end2end.py::TestEndToEnd::test_metrics_calculation
tests/test_end2end.py::TestEndToEnd::test_export_formats
  C:\Users\ADMIN\Documents\162-finalproj\doc_recon\.venv\Lib\site-packages\torch\nn\modules\module.py:2446: UserWarning: for layer4.0.bn2.bias: copying from a non-meta parameter in the checkpoint to a meta parameter in the current model, which is a no-op. (Did you mean to pass `assign=True` to assign items in the state dictionary to their corresponding key in the module instead of copying them in place?)
    warnings.warn(

tests/test_end2end.py::TestEndToEnd::test_full_pipeline
tests/test_end2end.py::TestEndToEnd::test_json_output_format
tests/test_end2end.py::TestEndToEnd::test_confidence_threshold
tests/test_end2end.py::TestEndToEnd::test_text_block_confidence_mvp
tests/test_end2end.py::TestEndToEnd::test_markdown_generation
tests/test_end2end.py::TestEndToEnd::test_metrics_calculation
tests/test_end2end.py::TestEndToEnd::test_export_formats
  C:\Users\ADMIN\Documents\162-finalproj\doc_recon\.venv\Lib\site-packages\torch\nn\modules\module.py:2446: UserWarning: for layer4.0.downsample.0.weight: copying from a non-meta parameter in the checkpoint to a meta parameter in the current model, which is a no-op. (Did you mean to pass `assign=True` to assign items in the state dictionary to their corresponding key in the module instead of copying them in place?)
    warnings.warn(

tests/test_end2end.py::TestEndToEnd::test_full_pipeline
tests/test_end2end.py::TestEndToEnd::test_json_output_format
tests/test_end2end.py::TestEndToEnd::test_confidence_threshold
tests/test_end2end.py::TestEndToEnd::test_text_block_confidence_mvp
tests/test_end2end.py::TestEndToEnd::test_markdown_generation
tests/test_end2end.py::TestEndToEnd::test_metrics_calculation
tests/test_end2end.py::TestEndToEnd::test_export_formats
  C:\Users\ADMIN\Documents\162-finalproj\doc_recon\.venv\Lib\site-packages\torch\nn\modules\module.py:2446: UserWarning: for layer4.0.downsample.1.weight: copying from a non-meta parameter in the checkpoint to a meta parameter in the current model, which is a no-op. (Did you mean to pass `assign=True` to assign items in the state dictionary to their corresponding key in the module instead of copying them in place?)
    warnings.warn(

tests/test_end2end.py::TestEndToEnd::test_full_pipeline
tests/test_end2end.py::TestEndToEnd::test_json_output_format
tests/test_end2end.py::TestEndToEnd::test_confidence_threshold
tests/test_end2end.py::TestEndToEnd::test_text_block_confidence_mvp
tests/test_end2end.py::TestEndToEnd::test_markdown_generation
tests/test_end2end.py::TestEndToEnd::test_metrics_calculation
tests/test_end2end.py::TestEndToEnd::test_export_formats
  C:\Users\ADMIN\Documents\162-finalproj\doc_recon\.venv\Lib\site-packages\torch\nn\modules\module.py:2446: UserWarning: for layer4.0.downsample.1.bias: copying from a non-meta parameter in the checkpoint to a meta parameter in the current model, which is a no-op. (Did you mean to pass `assign=True` to assign items in the state dictionary to their corresponding key in the module instead of copying them in place?)
    warnings.warn(

tests/test_end2end.py::TestEndToEnd::test_full_pipeline
tests/test_end2end.py::TestEndToEnd::test_json_output_format
tests/test_end2end.py::TestEndToEnd::test_confidence_threshold
tests/test_end2end.py::TestEndToEnd::test_text_block_confidence_mvp
tests/test_end2end.py::TestEndToEnd::test_markdown_generation
tests/test_end2end.py::TestEndToEnd::test_metrics_calculation
tests/test_end2end.py::TestEndToEnd::test_export_formats
  C:\Users\ADMIN\Documents\162-finalproj\doc_recon\.venv\Lib\site-packages\torch\nn\modules\module.py:2446: UserWarning: for layer4.1.conv1.weight: copying from a non-meta parameter in the checkpoint to a meta parameter in the current model, which is a no-op. (Did you mean to pass `assign=True` to assign items in the state dictionary to their corresponding key in the module instead of copying them in place?)
    warnings.warn(

tests/test_end2end.py::TestEndToEnd::test_full_pipeline
tests/test_end2end.py::TestEndToEnd::test_json_output_format
tests/test_end2end.py::TestEndToEnd::test_confidence_threshold
tests/test_end2end.py::TestEndToEnd::test_text_block_confidence_mvp
tests/test_end2end.py::TestEndToEnd::test_markdown_generation
tests/test_end2end.py::TestEndToEnd::test_metrics_calculation
tests/test_end2end.py::TestEndToEnd::test_export_formats
  C:\Users\ADMIN\Documents\162-finalproj\doc_recon\.venv\Lib\site-packages\torch\nn\modules\module.py:2446: UserWarning: for layer4.1.bn1.weight: copying from a non-meta parameter in the checkpoint to a meta parameter in the current model, which is a no-op. (Did you mean to pass `assign=True` to assign items in the state dictionary to their corresponding key in the module instead of copying them in place?)
    warnings.warn(

tests/test_end2end.py::TestEndToEnd::test_full_pipeline
tests/test_end2end.py::TestEndToEnd::test_json_output_format
tests/test_end2end.py::TestEndToEnd::test_confidence_threshold
tests/test_end2end.py::TestEndToEnd::test_text_block_confidence_mvp
tests/test_end2end.py::TestEndToEnd::test_markdown_generation
tests/test_end2end.py::TestEndToEnd::test_metrics_calculation
tests/test_end2end.py::TestEndToEnd::test_export_formats
  C:\Users\ADMIN\Documents\162-finalproj\doc_recon\.venv\Lib\site-packages\torch\nn\modules\module.py:2446: UserWarning: for layer4.1.bn1.bias: copying from a non-meta parameter in the checkpoint to a meta parameter in the current model, which is a no-op. (Did you mean to pass `assign=True` to assign items in the state dictionary to their corresponding key in the module instead of copying them in place?)
    warnings.warn(

tests/test_end2end.py::TestEndToEnd::test_full_pipeline
tests/test_end2end.py::TestEndToEnd::test_json_output_format
tests/test_end2end.py::TestEndToEnd::test_confidence_threshold
tests/test_end2end.py::TestEndToEnd::test_text_block_confidence_mvp
tests/test_end2end.py::TestEndToEnd::test_markdown_generation
tests/test_end2end.py::TestEndToEnd::test_metrics_calculation
tests/test_end2end.py::TestEndToEnd::test_export_formats
  C:\Users\ADMIN\Documents\162-finalproj\doc_recon\.venv\Lib\site-packages\torch\nn\modules\module.py:2446: UserWarning: for layer4.1.conv2.weight: copying from a non-meta parameter in the checkpoint to a meta parameter in the current model, which is a no-op. (Did you mean to pass `assign=True` to assign items in the state dictionary to their corresponding key in the module instead of copying them in place?)
    warnings.warn(

tests/test_end2end.py::TestEndToEnd::test_full_pipeline
tests/test_end2end.py::TestEndToEnd::test_json_output_format
tests/test_end2end.py::TestEndToEnd::test_confidence_threshold
tests/test_end2end.py::TestEndToEnd::test_text_block_confidence_mvp
tests/test_end2end.py::TestEndToEnd::test_markdown_generation
tests/test_end2end.py::TestEndToEnd::test_metrics_calculation
tests/test_end2end.py::TestEndToEnd::test_export_formats
  C:\Users\ADMIN\Documents\162-finalproj\doc_recon\.venv\Lib\site-packages\torch\nn\modules\module.py:2446: UserWarning: for layer4.1.bn2.weight: copying from a non-meta parameter in the checkpoint to a meta parameter in the current model, which is a no-op. (Did you mean to pass `assign=True` to assign items in the state dictionary to their corresponding key in the module instead of copying them in place?)
    warnings.warn(

tests/test_end2end.py::TestEndToEnd::test_full_pipeline
tests/test_end2end.py::TestEndToEnd::test_json_output_format
tests/test_end2end.py::TestEndToEnd::test_confidence_threshold
tests/test_end2end.py::TestEndToEnd::test_text_block_confidence_mvp
tests/test_end2end.py::TestEndToEnd::test_markdown_generation
tests/test_end2end.py::TestEndToEnd::test_metrics_calculation
tests/test_end2end.py::TestEndToEnd::test_export_formats
  C:\Users\ADMIN\Documents\162-finalproj\doc_recon\.venv\Lib\site-packages\torch\nn\modules\module.py:2446: UserWarning: for layer4.1.bn2.bias: copying from a non-meta parameter in the checkpoint to a meta parameter in the current model, which is a no-op. (Did you mean to pass `assign=True` to assign items in the state dictionary to their corresponding key in the module instead of copying them in place?)
    warnings.warn(

tests/test_end2end.py::TestMultiPageDocument::test_multi_page_processing
  C:\Users\ADMIN\Documents\162-finalproj\doc_recon\.venv\Lib\site-packages\torch\utils\data\dataloader.py:668: UserWarning: 'pin_memory' argument is set as true but no accelerator is found, then device pinned memory won't be used.
    warnings.warn(warn_msg)

-- Docs: https://docs.pytest.org/en/stable/how-to/capture-warnings.html
=========================== short test summary info ===========================
FAILED tests/test_ocr_math.py::TestMathOCR::test_math_ocr_init_simple - ValueError: Unknown math OCR engine: simple
FAILED tests/test_ocr_math.py::TestMathOCR::test_recognize_small_image - ValueError: Unknown math OCR engine: simple
FAILED tests/test_ocr_math.py::TestMathpixRecognizer::test_mathpix_requires_credentials - Failed: DID NOT RAISE <class 'Exception'>
FAILED tests/test_preprocessing.py::TestPreprocessing::test_deskew_skewed_image - assert np.float64(9.95712606968069) < 3.0
 +  where np.float64(9.95712606968069) = abs((np.float64(-4.95712606968069) - 5.0))
=========== 4 failed, 71 passed, 471 warnings in 283.29s (0:04:43) ============
